  Γû▓ Next.js 14.2.3
  - Environments: .env.local

   Creating an optimized production build ...
 Γ£ô Compiled successfully
   Linting and checking validity of types ...
node.exe : Failed to 
compile.
At line:1 char:1
+ & "C:\Program 
Files\nodejs/node.exe" 
"C:\Program 
Files\nodejs/node_mo ...
+ ~~~~~~~~~~~~~~~~~~~~~~~~
~~~~~~~~~~~~~~~~~~~~~~~~~~
~~~~~~~~~~~~~~~~~~~
    + CategoryInfo        
      : NotSpecified: (F  
  ailed to compile.:Str   
 ing) [], RemoteExcept    
ion
    + FullyQualifiedError 
   Id : NativeCommandErr  
  or
 

./app/patients/page.tsx:19
9:30
Type error: Property 
'archived_at' does not 
exist on type 
'PatientRecord'.

[0m [90m 197 |[39m     
                    [33m<
[39m[33mdiv[39m[33m>[
39m[0m
[0m [90m 198 |[39m     
                      
[33m<[39m[33mp[39m cla
ssName[33m=[39m[32m"tex
t-[13px] font-mono"[39m 
style[33m=[39m{{ 
color[33m:[39m 
[32m"var(--muted)"[39m }
}[33m>[39m{p[33m.[39mp
atient_id}[33m<[39m[33m
/[39m[33mp[39m[33m>[3
9m[0m
[0m[31m[1m>[22m[39m[
90m 199 |[39m            
               
{p[33m.[39marchived_at 
[33m&&[39m 
[33m<[39m[33mp[39m cla
ssName[33m=[39m[32m"tex
t-[11px] mt-0.5"[39m 
style[33m=[39m{{ 
color[33m:[39m [32m"var
(--muted)"[39m[33m,[39m
 opacity[33m:[39m 
[35m0.6[39m }}[33m>[39
m[33mArchived[39m 
{[36mnew[39m [33mDate[
39m(p[33m.[39marchived_a
t)[33m.[39mtoLocaleDateS
tring()}[33m<[39m[33m/
[39m[33mp[39m[33m>[39m
}[0m
[0m [90m     |[39m     
                         
[31m[1m^[22m[39m[0m
[0m [90m 200 |[39m     
                    [33m<
[39m[33m/[39m[33mdiv[
39m[33m>[39m[0m
[0m [90m 201 |[39m     
                    [33m<
[39m[33mbutton[39m[0m
[0m [90m 202 |[39m     
                      
onClick[33m=[39m{() 
[33m=>[39m handleRestore
(p[33m.[39mpatient_id)} 
disabled[33m=[39m{archiv
eLoading [33m===[39m p[
33m.[39mpatient_id}[0m
